/var/cache/apt/archives/gsfonts-x11_0.22_all.deb
/var/cache/apt/archives/xfonts-utils_1%3a7.7~1_i386.deb
/var/cache/apt/archives/xfonts-encodings_1%3a1.0.4-1_all.deb
/var/cache/apt/archives/gsfonts_1%3a8.11+urwcyr1.0.7~pre44-4.2_all.deb
/var/cache/apt/archives/dia_0.97.2-8_i386.deb
/var/cache/apt/archives/dia-libs_0.97.2-8_i386.deb
/var/cache/apt/archives/libpython2.7_2.7.3-6+deb7u2_i386.deb
/var/cache/apt/archives/dia-common_0.97.2-8_all.deb
/var/cache/apt/archives/python-gtk2_2.24.0-3+b1_i386.deb
/var/cache/apt/archives/python-gobject-2_2.28.6-10_i386.deb
/var/cache/apt/archives/python-cairo_1.8.8-1+b2_i386.deb
/var/cache/apt/archives/python-numpy_1%3a1.6.2-1.2_i386.deb
/var/cache/apt/archives/liblapack3_3.4.1+dfsg-1+deb70u1_i386.deb
/var/cache/apt/archives/libblas3_1.2.20110419-5_i386.deb
/var/cache/apt/archives/python-support_1.0.15_all.deb
/var/cache/apt/archives/python_2.7.3-4+deb7u1_all.deb
/var/cache/apt/archives/python-minimal_2.7.3-4+deb7u1_all.deb
/var/cache/apt/archives/python2.7_2.7.3-6+deb7u2_i386.deb
/var/cache/apt/archives/python2.7-minimal_2.7.3-6+deb7u2_i386.deb
/var/cache/apt/archives/libxslt1.1_1.1.26-14.1_i386.deb
/var/cache/apt/archives/libgfortran3_4.7.2-5_i386.deb
/var/cache/apt/archives/libart-2.0-2_2.3.21-2_i386.deb
/var/cache/apt/archives/partial/fonts-arphic-uming_0.2.20080216.2-4_all.deb
/var/cache/apt/archives/libfile-fcntllock-perl_0.14-2_i386.deb
